Archive member included because of file (symbol)

/usr/lib/gcc/avr/4.7.2/avr6/libgcc.a(_mulsi3.o)
                              ./lib/util.o (__mulsi3)
/usr/lib/gcc/avr/4.7.2/avr6/libgcc.a(_divmodsi4.o)
                              ./lib/util.o (__divmodsi4)
/usr/lib/gcc/avr/4.7.2/avr6/libgcc.a(_exit.o)
                              /usr/lib/gcc/avr/4.7.2/../../../avr/lib/avr6/crtm2560.o (exit)
/usr/lib/gcc/avr/4.7.2/avr6/libgcc.a(_copy_data.o)
                              ./main.o (__do_copy_data)
/usr/lib/gcc/avr/4.7.2/avr6/libgcc.a(_clear_bss.o)
                              ./main.o (__do_clear_bss)
/usr/lib/gcc/avr/4.7.2/avr6/libgcc.a(_muluhisi3.o)
                              /usr/lib/gcc/avr/4.7.2/avr6/libgcc.a(_mulsi3.o) (__muluhisi3)
/usr/lib/gcc/avr/4.7.2/avr6/libgcc.a(_udivmodsi4.o)
                              /usr/lib/gcc/avr/4.7.2/avr6/libgcc.a(_divmodsi4.o) (__udivmodsi4)
/usr/lib/gcc/avr/4.7.2/avr6/libgcc.a(_umulhisi3.o)
                              /usr/lib/gcc/avr/4.7.2/avr6/libgcc.a(_muluhisi3.o) (__umulhisi3)
/usr/lib/gcc/avr/4.7.2/../../../avr/lib/avr6/libc.a(sprintf.o)
                              ./main.o (sprintf)
/usr/lib/gcc/avr/4.7.2/../../../avr/lib/avr6/libc.a(vfprintf_std.o)
                              /usr/lib/gcc/avr/4.7.2/../../../avr/lib/avr6/libc.a(sprintf.o) (vfprintf)
/usr/lib/gcc/avr/4.7.2/../../../avr/lib/avr6/libc.a(strnlen_P.o)
                              /usr/lib/gcc/avr/4.7.2/../../../avr/lib/avr6/libc.a(vfprintf_std.o) (strnlen_P)
/usr/lib/gcc/avr/4.7.2/../../../avr/lib/avr6/libc.a(strnlen.o)
                              /usr/lib/gcc/avr/4.7.2/../../../avr/lib/avr6/libc.a(vfprintf_std.o) (strnlen)
/usr/lib/gcc/avr/4.7.2/../../../avr/lib/avr6/libc.a(fputc.o)
                              /usr/lib/gcc/avr/4.7.2/../../../avr/lib/avr6/libc.a(vfprintf_std.o) (fputc)
/usr/lib/gcc/avr/4.7.2/../../../avr/lib/avr6/libc.a(ultoa_invert.o)
                              /usr/lib/gcc/avr/4.7.2/../../../avr/lib/avr6/libc.a(vfprintf_std.o) (__ultoa_invert)

Allocating common symbols
Common symbol       size              file

buffer              0x11              ./main.o

Memory Configuration

Name             Origin             Length             Attributes
text             0x0000000000000000 0x0000000000100000 xr
data             0x0000000000800200 0x000000000000fe00 rw !x
eeprom           0x0000000000810000 0x0000000000010000 rw !x
fuse             0x0000000000820000 0x0000000000000400 rw !x
lock             0x0000000000830000 0x0000000000000400 rw !x
signature        0x0000000000840000 0x0000000000000400 rw !x
*default*        0x0000000000000000 0xffffffffffffffff

Linker script and memory map

Address of section .data set to 0x800200
LOAD /usr/lib/gcc/avr/4.7.2/../../../avr/lib/avr6/crtm2560.o
LOAD ./lib/lcd-routines.o
LOAD ./lib/sensors.o
LOAD ./lib/sleepcontrol.o
LOAD ./lib/util.o
LOAD ./main.o
LOAD /usr/lib/gcc/avr/4.7.2/avr6/libgcc.a
LOAD /usr/lib/gcc/avr/4.7.2/../../../avr/lib/avr6/libc.a
LOAD /usr/lib/gcc/avr/4.7.2/avr6/libgcc.a

.hash
 *(.hash)

.dynsym
 *(.dynsym)

.dynstr
 *(.dynstr)

.gnu.version
 *(.gnu.version)

.gnu.version_d
 *(.gnu.version_d)

.gnu.version_r
 *(.gnu.version_r)

.rel.init
 *(.rel.init)

.rela.init
 *(.rela.init)

.rel.text
 *(.rel.text)
 *(.rel.text.*)
 *(.rel.gnu.linkonce.t*)

.rela.text
 *(.rela.text)
 *(.rela.text.*)
 *(.rela.gnu.linkonce.t*)

.rel.fini
 *(.rel.fini)

.rela.fini
 *(.rela.fini)

.rel.rodata
 *(.rel.rodata)
 *(.rel.rodata.*)
 *(.rel.gnu.linkonce.r*)

.rela.rodata
 *(.rela.rodata)
 *(.rela.rodata.*)
 *(.rela.gnu.linkonce.r*)

.rel.data
 *(.rel.data)
 *(.rel.data.*)
 *(.rel.gnu.linkonce.d*)

.rela.data
 *(.rela.data)
 *(.rela.data.*)
 *(.rela.gnu.linkonce.d*)

.rel.ctors
 *(.rel.ctors)

.rela.ctors
 *(.rela.ctors)

.rel.dtors
 *(.rel.dtors)

.rela.dtors
 *(.rela.dtors)

.rel.got
 *(.rel.got)

.rela.got
 *(.rela.got)

.rel.bss
 *(.rel.bss)

.rela.bss
 *(.rela.bss)

.rel.plt
 *(.rel.plt)

.rela.plt
 *(.rela.plt)

.text           0x0000000000000000      0xb9e
 *(.vectors)
 .vectors       0x0000000000000000       0xe4 /usr/lib/gcc/avr/4.7.2/../../../avr/lib/avr6/crtm2560.o
                0x0000000000000000                __vectors
                0x0000000000000000                __vector_default
 *(.vectors)
 *(.progmem.gcc*)
 *(.progmem*)
                0x00000000000000e4                . = ALIGN (0x2)
                0x00000000000000e4                __trampolines_start = .
 *(.trampolines)
 .trampolines   0x00000000000000e4        0x0 linker stubs
 *(.trampolines*)
                0x00000000000000e4                __trampolines_end = .
 *(.jumptables)
 *(.jumptables*)
 *(.lowtext)
 *(.lowtext*)
                0x00000000000000e4                __ctors_start = .
 *(.ctors)
                0x00000000000000e4                __ctors_end = .
                0x00000000000000e4                __dtors_start = .
 *(.dtors)
                0x00000000000000e4                __dtors_end = .
 SORT(*)(.ctors)
 SORT(*)(.dtors)
 *(.init0)
 .init0         0x00000000000000e4        0x0 /usr/lib/gcc/avr/4.7.2/../../../avr/lib/avr6/crtm2560.o
                0x00000000000000e4                __init
 *(.init0)
 *(.init1)
 *(.init1)
 *(.init2)
 .init2         0x00000000000000e4       0x10 /usr/lib/gcc/avr/4.7.2/../../../avr/lib/avr6/crtm2560.o
 *(.init2)
 *(.init3)
 *(.init3)
 *(.init4)
 .init4         0x00000000000000f4       0x1a /usr/lib/gcc/avr/4.7.2/avr6/libgcc.a(_copy_data.o)
                0x00000000000000f4                __do_copy_data
 .init4         0x000000000000010e       0x10 /usr/lib/gcc/avr/4.7.2/avr6/libgcc.a(_clear_bss.o)
                0x000000000000010e                __do_clear_bss
 *(.init4)
 *(.init5)
 *(.init5)
 *(.init6)
 *(.init6)
 *(.init7)
 *(.init7)
 *(.init8)
 *(.init8)
 *(.init9)
 .init9         0x000000000000011e        0x8 /usr/lib/gcc/avr/4.7.2/../../../avr/lib/avr6/crtm2560.o
 *(.init9)
 *(.text)
 .text          0x0000000000000126        0x4 /usr/lib/gcc/avr/4.7.2/../../../avr/lib/avr6/crtm2560.o
                0x0000000000000126                __vector_38
                0x0000000000000126                __vector_22
                0x0000000000000126                __vector_28
                0x0000000000000126                __vector_1
                0x0000000000000126                __vector_32
                0x0000000000000126                __vector_34
                0x0000000000000126                __vector_24
                0x0000000000000126                __vector_12
                0x0000000000000126                __vector_55
                0x0000000000000126                __vector_46
                0x0000000000000126                __bad_interrupt
                0x0000000000000126                __vector_6
                0x0000000000000126                __vector_31
                0x0000000000000126                __vector_35
                0x0000000000000126                __vector_39
                0x0000000000000126                __vector_3
                0x0000000000000126                __vector_23
                0x0000000000000126                __vector_30
                0x0000000000000126                __vector_45
                0x0000000000000126                __vector_25
                0x0000000000000126                __vector_11
                0x0000000000000126                __vector_54
                0x0000000000000126                __vector_13
                0x0000000000000126                __vector_17
                0x0000000000000126                __vector_19
                0x0000000000000126                __vector_56
                0x0000000000000126                __vector_7
                0x0000000000000126                __vector_49
                0x0000000000000126                __vector_41
                0x0000000000000126                __vector_43
                0x0000000000000126                __vector_27
                0x0000000000000126                __vector_5
                0x0000000000000126                __vector_33
                0x0000000000000126                __vector_47
                0x0000000000000126                __vector_52
                0x0000000000000126                __vector_37
                0x0000000000000126                __vector_4
                0x0000000000000126                __vector_44
                0x0000000000000126                __vector_51
                0x0000000000000126                __vector_9
                0x0000000000000126                __vector_21
                0x0000000000000126                __vector_15
                0x0000000000000126                __vector_36
                0x0000000000000126                __vector_29
                0x0000000000000126                __vector_40
                0x0000000000000126                __vector_8
                0x0000000000000126                __vector_26
                0x0000000000000126                __vector_48
                0x0000000000000126                __vector_14
                0x0000000000000126                __vector_53
                0x0000000000000126                __vector_10
                0x0000000000000126                __vector_50
                0x0000000000000126                __vector_16
                0x0000000000000126                __vector_18
                0x0000000000000126                __vector_20
                0x0000000000000126                __vector_42
 .text          0x000000000000012a        0x0 ./lib/lcd-routines.o
 .text          0x000000000000012a        0x0 ./lib/sensors.o
 .text          0x000000000000012a        0x0 ./lib/sleepcontrol.o
 .text          0x000000000000012a        0x0 ./lib/util.o
 .text          0x000000000000012a        0x0 ./main.o
 .text          0x000000000000012a        0x0 /usr/lib/gcc/avr/4.7.2/avr6/libgcc.a(_mulsi3.o)
 .text          0x000000000000012a        0x0 /usr/lib/gcc/avr/4.7.2/avr6/libgcc.a(_divmodsi4.o)
 .text          0x000000000000012a        0x0 /usr/lib/gcc/avr/4.7.2/avr6/libgcc.a(_exit.o)
 .text          0x000000000000012a        0x0 /usr/lib/gcc/avr/4.7.2/avr6/libgcc.a(_copy_data.o)
 .text          0x000000000000012a        0x0 /usr/lib/gcc/avr/4.7.2/avr6/libgcc.a(_clear_bss.o)
 .text          0x000000000000012a        0x0 /usr/lib/gcc/avr/4.7.2/avr6/libgcc.a(_muluhisi3.o)
 .text          0x000000000000012a        0x0 /usr/lib/gcc/avr/4.7.2/avr6/libgcc.a(_udivmodsi4.o)
 .text          0x000000000000012a        0x0 /usr/lib/gcc/avr/4.7.2/avr6/libgcc.a(_umulhisi3.o)
 .text          0x000000000000012a        0x0 /usr/lib/gcc/avr/4.7.2/../../../avr/lib/avr6/libc.a(sprintf.o)
 .text          0x000000000000012a        0x0 /usr/lib/gcc/avr/4.7.2/../../../avr/lib/avr6/libc.a(vfprintf_std.o)
 .text          0x000000000000012a        0x0 /usr/lib/gcc/avr/4.7.2/../../../avr/lib/avr6/libc.a(strnlen_P.o)
 .text          0x000000000000012a        0x0 /usr/lib/gcc/avr/4.7.2/../../../avr/lib/avr6/libc.a(strnlen.o)
 .text          0x000000000000012a        0x0 /usr/lib/gcc/avr/4.7.2/../../../avr/lib/avr6/libc.a(fputc.o)
 .text          0x000000000000012a        0x0 /usr/lib/gcc/avr/4.7.2/../../../avr/lib/avr6/libc.a(ultoa_invert.o)
                0x000000000000012a                . = ALIGN (0x2)
 *(.text.*)
 .text.lcd_enable
                0x000000000000012a        0xe ./lib/lcd-routines.o
 .text.lcd_out  0x0000000000000138       0x14 ./lib/lcd-routines.o
 .text.lcd_data
                0x000000000000014c       0x20 ./lib/lcd-routines.o
                0x000000000000014c                lcd_data
 .text.lcd_command
                0x000000000000016c       0x1e ./lib/lcd-routines.o
                0x000000000000016c                lcd_command
 .text.lcd_clear
                0x000000000000018a       0x14 ./lib/lcd-routines.o
                0x000000000000018a                lcd_clear
 .text.lcd_init
                0x000000000000019e       0x72 ./lib/lcd-routines.o
                0x000000000000019e                lcd_init
 .text.lcd_home
                0x0000000000000210       0x14 ./lib/lcd-routines.o
                0x0000000000000210                lcd_home
 .text.lcd_setcursor
                0x0000000000000224       0x2a ./lib/lcd-routines.o
                0x0000000000000224                lcd_setcursor
 .text.lcd_string
                0x000000000000024e       0x18 ./lib/lcd-routines.o
                0x000000000000024e                lcd_string
 .text.lcd_generatechar
                0x0000000000000266       0x4c ./lib/lcd-routines.o
                0x0000000000000266                lcd_generatechar
 .text.sensors_init
                0x00000000000002b2       0x28 ./lib/sensors.o
                0x00000000000002b2                sensors_init
 .text.getAnalogValue
                0x00000000000002da       0x3c ./lib/sensors.o
                0x00000000000002da                getAnalogValue
 .text.interrupt_init
                0x0000000000000316       0x18 ./lib/sleepcontrol.o
                0x0000000000000316                interrupt_init
 .text.lcd_light_state
                0x000000000000032e        0xe ./lib/sleepcontrol.o
                0x000000000000032e                lcd_light_state
 .text.__vector_2
                0x000000000000033c       0x16 ./lib/sleepcontrol.o
                0x000000000000033c                __vector_2
 .text.map      0x0000000000000352       0x8e ./lib/util.o
                0x0000000000000352                map
 .text.setup    0x00000000000003e0       0x24 ./main.o
                0x00000000000003e0                setup
 .text.loop     0x0000000000000404      0x114 ./main.o
                0x0000000000000404                loop
 .text.startup.main
                0x0000000000000518        0xa ./main.o
                0x0000000000000518                main
 .text.libgcc.mul
                0x0000000000000522       0x20 /usr/lib/gcc/avr/4.7.2/avr6/libgcc.a(_mulsi3.o)
                0x0000000000000522                __mulsi3
 .text.libgcc.div
                0x0000000000000542        0x0 /usr/lib/gcc/avr/4.7.2/avr6/libgcc.a(_mulsi3.o)
 .text.libgcc   0x0000000000000542        0x0 /usr/lib/gcc/avr/4.7.2/avr6/libgcc.a(_mulsi3.o)
 .text.libgcc.prologue
                0x0000000000000542        0x0 /usr/lib/gcc/avr/4.7.2/avr6/libgcc.a(_mulsi3.o)
 .text.libgcc.builtins
                0x0000000000000542        0x0 /usr/lib/gcc/avr/4.7.2/avr6/libgcc.a(_mulsi3.o)
 .text.libgcc.fmul
                0x0000000000000542        0x0 /usr/lib/gcc/avr/4.7.2/avr6/libgcc.a(_mulsi3.o)
 .text.libgcc.mul
                0x0000000000000542        0x0 /usr/lib/gcc/avr/4.7.2/avr6/libgcc.a(_divmodsi4.o)
 .text.libgcc.div
                0x0000000000000542       0x38 /usr/lib/gcc/avr/4.7.2/avr6/libgcc.a(_divmodsi4.o)
                0x0000000000000542                __divmodsi4
 .text.libgcc   0x000000000000057a        0x0 /usr/lib/gcc/avr/4.7.2/avr6/libgcc.a(_divmodsi4.o)
 .text.libgcc.prologue
                0x000000000000057a        0x0 /usr/lib/gcc/avr/4.7.2/avr6/libgcc.a(_divmodsi4.o)
 .text.libgcc.builtins
                0x000000000000057a        0x0 /usr/lib/gcc/avr/4.7.2/avr6/libgcc.a(_divmodsi4.o)
 .text.libgcc.fmul
                0x000000000000057a        0x0 /usr/lib/gcc/avr/4.7.2/avr6/libgcc.a(_divmodsi4.o)
 .text.libgcc.mul
                0x000000000000057a        0x0 /usr/lib/gcc/avr/4.7.2/avr6/libgcc.a(_exit.o)
 .text.libgcc.div
                0x000000000000057a        0x0 /usr/lib/gcc/avr/4.7.2/avr6/libgcc.a(_exit.o)
 .text.libgcc   0x000000000000057a        0x0 /usr/lib/gcc/avr/4.7.2/avr6/libgcc.a(_exit.o)
 .text.libgcc.prologue
                0x000000000000057a        0x0 /usr/lib/gcc/avr/4.7.2/avr6/libgcc.a(_exit.o)
 .text.libgcc.builtins
                0x000000000000057a        0x0 /usr/lib/gcc/avr/4.7.2/avr6/libgcc.a(_exit.o)
 .text.libgcc.fmul
                0x000000000000057a        0x0 /usr/lib/gcc/avr/4.7.2/avr6/libgcc.a(_exit.o)
 .text.libgcc.mul
                0x000000000000057a        0x0 /usr/lib/gcc/avr/4.7.2/avr6/libgcc.a(_copy_data.o)
 .text.libgcc.div
                0x000000000000057a        0x0 /usr/lib/gcc/avr/4.7.2/avr6/libgcc.a(_copy_data.o)
 .text.libgcc   0x000000000000057a        0x0 /usr/lib/gcc/avr/4.7.2/avr6/libgcc.a(_copy_data.o)
 .text.libgcc.prologue
                0x000000000000057a        0x0 /usr/lib/gcc/avr/4.7.2/avr6/libgcc.a(_copy_data.o)
 .text.libgcc.builtins
                0x000000000000057a        0x0 /usr/lib/gcc/avr/4.7.2/avr6/libgcc.a(_copy_data.o)
 .text.libgcc.fmul
                0x000000000000057a        0x0 /usr/lib/gcc/avr/4.7.2/avr6/libgcc.a(_copy_data.o)
 .text.libgcc.mul
                0x000000000000057a        0x0 /usr/lib/gcc/avr/4.7.2/avr6/libgcc.a(_clear_bss.o)
 .text.libgcc.div
                0x000000000000057a        0x0 /usr/lib/gcc/avr/4.7.2/avr6/libgcc.a(_clear_bss.o)
 .text.libgcc   0x000000000000057a        0x0 /usr/lib/gcc/avr/4.7.2/avr6/libgcc.a(_clear_bss.o)
 .text.libgcc.prologue
                0x000000000000057a        0x0 /usr/lib/gcc/avr/4.7.2/avr6/libgcc.a(_clear_bss.o)
 .text.libgcc.builtins
                0x000000000000057a        0x0 /usr/lib/gcc/avr/4.7.2/avr6/libgcc.a(_clear_bss.o)
 .text.libgcc.fmul
                0x000000000000057a        0x0 /usr/lib/gcc/avr/4.7.2/avr6/libgcc.a(_clear_bss.o)
 .text.libgcc.mul
                0x000000000000057a       0x16 /usr/lib/gcc/avr/4.7.2/avr6/libgcc.a(_muluhisi3.o)
                0x000000000000057a                __muluhisi3
 .text.libgcc.div
                0x0000000000000590        0x0 /usr/lib/gcc/avr/4.7.2/avr6/libgcc.a(_muluhisi3.o)
 .text.libgcc   0x0000000000000590        0x0 /usr/lib/gcc/avr/4.7.2/avr6/libgcc.a(_muluhisi3.o)
 .text.libgcc.prologue
                0x0000000000000590        0x0 /usr/lib/gcc/avr/4.7.2/avr6/libgcc.a(_muluhisi3.o)
 .text.libgcc.builtins
                0x0000000000000590        0x0 /usr/lib/gcc/avr/4.7.2/avr6/libgcc.a(_muluhisi3.o)
 .text.libgcc.fmul
                0x0000000000000590        0x0 /usr/lib/gcc/avr/4.7.2/avr6/libgcc.a(_muluhisi3.o)
 .text.libgcc.mul
                0x0000000000000590        0x0 /usr/lib/gcc/avr/4.7.2/avr6/libgcc.a(_udivmodsi4.o)
 .text.libgcc.div
                0x0000000000000590       0x44 /usr/lib/gcc/avr/4.7.2/avr6/libgcc.a(_udivmodsi4.o)
                0x0000000000000590                __udivmodsi4
 .text.libgcc   0x00000000000005d4        0x0 /usr/lib/gcc/avr/4.7.2/avr6/libgcc.a(_udivmodsi4.o)
 .text.libgcc.prologue
                0x00000000000005d4        0x0 /usr/lib/gcc/avr/4.7.2/avr6/libgcc.a(_udivmodsi4.o)
 .text.libgcc.builtins
                0x00000000000005d4        0x0 /usr/lib/gcc/avr/4.7.2/avr6/libgcc.a(_udivmodsi4.o)
 .text.libgcc.fmul
                0x00000000000005d4        0x0 /usr/lib/gcc/avr/4.7.2/avr6/libgcc.a(_udivmodsi4.o)
 .text.libgcc.mul
                0x00000000000005d4       0x18 /usr/lib/gcc/avr/4.7.2/avr6/libgcc.a(_umulhisi3.o)
                0x00000000000005d4                __umulhisi3
 .text.libgcc.div
                0x00000000000005ec        0x0 /usr/lib/gcc/avr/4.7.2/avr6/libgcc.a(_umulhisi3.o)
 .text.libgcc   0x00000000000005ec        0x0 /usr/lib/gcc/avr/4.7.2/avr6/libgcc.a(_umulhisi3.o)
 .text.libgcc.prologue
                0x00000000000005ec        0x0 /usr/lib/gcc/avr/4.7.2/avr6/libgcc.a(_umulhisi3.o)
 .text.libgcc.builtins
                0x00000000000005ec        0x0 /usr/lib/gcc/avr/4.7.2/avr6/libgcc.a(_umulhisi3.o)
 .text.libgcc.fmul
                0x00000000000005ec        0x0 /usr/lib/gcc/avr/4.7.2/avr6/libgcc.a(_umulhisi3.o)
 .text.avr-libc
                0x00000000000005ec       0x62 /usr/lib/gcc/avr/4.7.2/../../../avr/lib/avr6/libc.a(sprintf.o)
                0x00000000000005ec                sprintf
 .text.avr-libc
                0x000000000000064e      0x40c /usr/lib/gcc/avr/4.7.2/../../../avr/lib/avr6/libc.a(vfprintf_std.o)
                0x000000000000064e                vfprintf
 .text.avr-libc
                0x0000000000000a5a       0x16 /usr/lib/gcc/avr/4.7.2/../../../avr/lib/avr6/libc.a(strnlen_P.o)
                0x0000000000000a5a                strnlen_P
 .text.avr-libc
                0x0000000000000a70       0x16 /usr/lib/gcc/avr/4.7.2/../../../avr/lib/avr6/libc.a(strnlen.o)
                0x0000000000000a70                strnlen
 .text.avr-libc
                0x0000000000000a86       0x58 /usr/lib/gcc/avr/4.7.2/../../../avr/lib/avr6/libc.a(fputc.o)
                0x0000000000000a86                fputc
 .text.avr-libc
                0x0000000000000ade       0xbc /usr/lib/gcc/avr/4.7.2/../../../avr/lib/avr6/libc.a(ultoa_invert.o)
                0x0000000000000ade                __ultoa_invert
                0x0000000000000b9a                . = ALIGN (0x2)
 *(.fini9)
 .fini9         0x0000000000000b9a        0x0 /usr/lib/gcc/avr/4.7.2/avr6/libgcc.a(_exit.o)
                0x0000000000000b9a                exit
                0x0000000000000b9a                _exit
 *(.fini9)
 *(.fini8)
 *(.fini8)
 *(.fini7)
 *(.fini7)
 *(.fini6)
 *(.fini6)
 *(.fini5)
 *(.fini5)
 *(.fini4)
 *(.fini4)
 *(.fini3)
 *(.fini3)
 *(.fini2)
 *(.fini2)
 *(.fini1)
 *(.fini1)
 *(.fini0)
 .fini0         0x0000000000000b9a        0x4 /usr/lib/gcc/avr/4.7.2/avr6/libgcc.a(_exit.o)
 *(.fini0)
                0x0000000000000b9e                _etext = .

.data           0x0000000000800200       0x32 load address 0x0000000000000b9e
                0x0000000000800200                PROVIDE (__data_start, .)
 *(.data)
 .data          0x0000000000800200        0x0 /usr/lib/gcc/avr/4.7.2/../../../avr/lib/avr6/crtm2560.o
 .data          0x0000000000800200        0x0 ./lib/lcd-routines.o
 .data          0x0000000000800200        0x0 ./lib/sensors.o
 .data          0x0000000000800200        0x0 ./lib/sleepcontrol.o
 .data          0x0000000000800200        0x0 ./lib/util.o
 .data          0x0000000000800200        0x0 ./main.o
 .data          0x0000000000800200        0x0 /usr/lib/gcc/avr/4.7.2/avr6/libgcc.a(_mulsi3.o)
 .data          0x0000000000800200        0x0 /usr/lib/gcc/avr/4.7.2/avr6/libgcc.a(_divmodsi4.o)
 .data          0x0000000000800200        0x0 /usr/lib/gcc/avr/4.7.2/avr6/libgcc.a(_exit.o)
 .data          0x0000000000800200        0x0 /usr/lib/gcc/avr/4.7.2/avr6/libgcc.a(_copy_data.o)
 .data          0x0000000000800200        0x0 /usr/lib/gcc/avr/4.7.2/avr6/libgcc.a(_clear_bss.o)
 .data          0x0000000000800200        0x0 /usr/lib/gcc/avr/4.7.2/avr6/libgcc.a(_muluhisi3.o)
 .data          0x0000000000800200        0x0 /usr/lib/gcc/avr/4.7.2/avr6/libgcc.a(_udivmodsi4.o)
 .data          0x0000000000800200        0x0 /usr/lib/gcc/avr/4.7.2/avr6/libgcc.a(_umulhisi3.o)
 .data          0x0000000000800200        0x0 /usr/lib/gcc/avr/4.7.2/../../../avr/lib/avr6/libc.a(sprintf.o)
 .data          0x0000000000800200        0x0 /usr/lib/gcc/avr/4.7.2/../../../avr/lib/avr6/libc.a(vfprintf_std.o)
 .data          0x0000000000800200        0x0 /usr/lib/gcc/avr/4.7.2/../../../avr/lib/avr6/libc.a(strnlen_P.o)
 .data          0x0000000000800200        0x0 /usr/lib/gcc/avr/4.7.2/../../../avr/lib/avr6/libc.a(strnlen.o)
 .data          0x0000000000800200        0x0 /usr/lib/gcc/avr/4.7.2/../../../avr/lib/avr6/libc.a(fputc.o)
 .data          0x0000000000800200        0x0 /usr/lib/gcc/avr/4.7.2/../../../avr/lib/avr6/libc.a(ultoa_invert.o)
 *(.data*)
 *(.rodata)
 *(.rodata*)
 .rodata.str1.1
                0x0000000000800200       0x31 ./main.o
 *(.gnu.linkonce.d*)
                0x0000000000800232                . = ALIGN (0x2)
 *fill*         0x0000000000800231        0x1 00
                0x0000000000800232                _edata = .
                0x0000000000800232                PROVIDE (__data_end, .)

.bss            0x0000000000800232       0x11
                0x0000000000800232                PROVIDE (__bss_start, .)
 *(.bss)
 .bss           0x0000000000800232        0x0 /usr/lib/gcc/avr/4.7.2/../../../avr/lib/avr6/crtm2560.o
 .bss           0x0000000000800232        0x0 ./lib/lcd-routines.o
 .bss           0x0000000000800232        0x0 ./lib/sensors.o
 .bss           0x0000000000800232        0x0 ./lib/sleepcontrol.o
 .bss           0x0000000000800232        0x0 ./lib/util.o
 .bss           0x0000000000800232        0x0 ./main.o
 .bss           0x0000000000800232        0x0 /usr/lib/gcc/avr/4.7.2/avr6/libgcc.a(_mulsi3.o)
 .bss           0x0000000000800232        0x0 /usr/lib/gcc/avr/4.7.2/avr6/libgcc.a(_divmodsi4.o)
 .bss           0x0000000000800232        0x0 /usr/lib/gcc/avr/4.7.2/avr6/libgcc.a(_exit.o)
 .bss           0x0000000000800232        0x0 /usr/lib/gcc/avr/4.7.2/avr6/libgcc.a(_copy_data.o)
 .bss           0x0000000000800232        0x0 /usr/lib/gcc/avr/4.7.2/avr6/libgcc.a(_clear_bss.o)
 .bss           0x0000000000800232        0x0 /usr/lib/gcc/avr/4.7.2/avr6/libgcc.a(_muluhisi3.o)
 .bss           0x0000000000800232        0x0 /usr/lib/gcc/avr/4.7.2/avr6/libgcc.a(_udivmodsi4.o)
 .bss           0x0000000000800232        0x0 /usr/lib/gcc/avr/4.7.2/avr6/libgcc.a(_umulhisi3.o)
 .bss           0x0000000000800232        0x0 /usr/lib/gcc/avr/4.7.2/../../../avr/lib/avr6/libc.a(sprintf.o)
 .bss           0x0000000000800232        0x0 /usr/lib/gcc/avr/4.7.2/../../../avr/lib/avr6/libc.a(vfprintf_std.o)
 .bss           0x0000000000800232        0x0 /usr/lib/gcc/avr/4.7.2/../../../avr/lib/avr6/libc.a(strnlen_P.o)
 .bss           0x0000000000800232        0x0 /usr/lib/gcc/avr/4.7.2/../../../avr/lib/avr6/libc.a(strnlen.o)
 .bss           0x0000000000800232        0x0 /usr/lib/gcc/avr/4.7.2/../../../avr/lib/avr6/libc.a(fputc.o)
 .bss           0x0000000000800232        0x0 /usr/lib/gcc/avr/4.7.2/../../../avr/lib/avr6/libc.a(ultoa_invert.o)
 *(.bss*)
 *(COMMON)
 COMMON         0x0000000000800232       0x11 ./main.o
                0x0000000000800232                buffer
                0x0000000000800243                PROVIDE (__bss_end, .)
                0x0000000000000b9e                __data_load_start = LOADADDR (.data)
                0x0000000000000bd0                __data_load_end = (__data_load_start + SIZEOF (.data))

.noinit         0x0000000000800243        0x0
                0x0000000000800243                PROVIDE (__noinit_start, .)
 *(.noinit*)
                0x0000000000800243                PROVIDE (__noinit_end, .)
                0x0000000000800243                _end = .
                0x0000000000800243                PROVIDE (__heap_start, .)

.eeprom         0x0000000000810000        0x0
 *(.eeprom*)
                0x0000000000810000                __eeprom_end = .

.fuse
 *(.fuse)
 *(.lfuse)
 *(.hfuse)
 *(.efuse)

.lock
 *(.lock*)

.signature
 *(.signature*)

.stab           0x0000000000000000     0x2d48
 *(.stab)
 .stab          0x0000000000000000      0x6e4 /usr/lib/gcc/avr/4.7.2/../../../avr/lib/avr6/crtm2560.o
 .stab          0x00000000000006e4      0x798 ./lib/lcd-routines.o
                                        0x7a4 (size before relaxing)
 .stab          0x0000000000000e7c      0x204 ./lib/sensors.o
                                        0x3cc (size before relaxing)
 .stab          0x0000000000001080      0x210 ./lib/sleepcontrol.o
                                        0x3d8 (size before relaxing)
 .stab          0x0000000000001290      0x144 ./lib/util.o
                                        0x150 (size before relaxing)
 .stab          0x00000000000013d4      0x3cc ./main.o
                                        0x588 (size before relaxing)
 .stab          0x00000000000017a0      0x3d8 /usr/lib/gcc/avr/4.7.2/../../../avr/lib/avr6/libc.a(sprintf.o)
                                        0x3e4 (size before relaxing)
 .stab          0x0000000000001b78      0xa44 /usr/lib/gcc/avr/4.7.2/../../../avr/lib/avr6/libc.a(vfprintf_std.o)
                                        0xc24 (size before relaxing)
 .stab          0x00000000000025bc       0x9c /usr/lib/gcc/avr/4.7.2/../../../avr/lib/avr6/libc.a(strnlen_P.o)
                                         0xa8 (size before relaxing)
 .stab          0x0000000000002658       0x9c /usr/lib/gcc/avr/4.7.2/../../../avr/lib/avr6/libc.a(strnlen.o)
                                         0xa8 (size before relaxing)
 .stab          0x00000000000026f4      0x1d4 /usr/lib/gcc/avr/4.7.2/../../../avr/lib/avr6/libc.a(fputc.o)
                                        0x3b4 (size before relaxing)
 .stab          0x00000000000028c8      0x480 /usr/lib/gcc/avr/4.7.2/../../../avr/lib/avr6/libc.a(ultoa_invert.o)
                                        0x48c (size before relaxing)

.stabstr        0x0000000000000000     0x1657
 *(.stabstr)
 .stabstr       0x0000000000000000     0x1657 /usr/lib/gcc/avr/4.7.2/../../../avr/lib/avr6/crtm2560.o

.stab.excl
 *(.stab.excl)

.stab.exclstr
 *(.stab.exclstr)

.stab.index
 *(.stab.index)

.stab.indexstr
 *(.stab.indexstr)

.comment        0x0000000000000000       0x22
 *(.comment)
 .comment       0x0000000000000000       0x11 ./lib/lcd-routines.o
                                         0x12 (size before relaxing)
 .comment       0x0000000000000000       0x12 ./lib/sensors.o
 .comment       0x0000000000000000       0x12 ./lib/sleepcontrol.o
 .comment       0x0000000000000000       0x12 ./lib/util.o
 .comment       0x0000000000000000       0x12 ./main.o
 .comment       0x0000000000000011       0x11 /usr/lib/gcc/avr/4.7.2/../../../avr/lib/avr6/libc.a(sprintf.o)
                                         0x12 (size before relaxing)
 .comment       0x0000000000000000       0x12 /usr/lib/gcc/avr/4.7.2/../../../avr/lib/avr6/libc.a(vfprintf_std.o)
 .comment       0x0000000000000000       0x12 /usr/lib/gcc/avr/4.7.2/../../../avr/lib/avr6/libc.a(fputc.o)

.debug
 *(.debug)

.line
 *(.line)

.debug_srcinfo
 *(.debug_srcinfo)

.debug_sfnames
 *(.debug_sfnames)

.debug_aranges
 *(.debug_aranges)

.debug_pubnames
 *(.debug_pubnames)

.debug_info
 *(.debug_info)
 *(.gnu.linkonce.wi.*)

.debug_abbrev
 *(.debug_abbrev)

.debug_line
 *(.debug_line)

.debug_frame
 *(.debug_frame)

.debug_str
 *(.debug_str)

.debug_loc
 *(.debug_loc)

.debug_macinfo
 *(.debug_macinfo)
OUTPUT(SleepingSensors.elf elf32-avr)
LOAD linker stubs
